// Jest Snapshot v1, https://goo.gl/fbAQLP

exports[`should change icon class prefix when using icon-class-prefix prop 1`] = `
"<button class=\\"vin-button vin-button--default vin-button--normal vin-button--round\\">
  <view class=\\"vin-button__warp\\">
    <!--v-if--><text class=\\"vin-iconfont vin-icon my-icon-star-fill\\"></text>
    <!--v-if-->
  </view>
</button>"
`;
